#
# There is insufficient memory for the Java Runtime Environment to continue.
# Native memory allocation (mmap) failed to map 264241152 bytes. Error detail: G1 virtual space
# Possible reasons:
#   The system is out of physical RAM or swap space
#   This process is running with CompressedOops enabled, and the Java Heap may be blocking the growth of the native heap
# Possible solutions:
#   Reduce memory load on the system
#   Increase physical memory or swap space
#   Check if swap backing store is full
#   Decrease Java heap size (-Xmx/-Xms)
#   Decrease number of Java threads
#   Decrease Java thread stack sizes (-Xss)
#   Set larger code cache with -XX:ReservedCodeCacheSize=
#   JVM is running with Zero Based Compressed Oops mode in which the Java heap is
#     placed in the first 32GB address space. The Java Heap base address is the
#     maximum limit for the native heap growth. Please use -XX:HeapBaseMinAddress
#     to set the Java Heap base and to place the Java Heap above 32GB virtual address.
# This output file may be truncated or incomplete.
#
#  Out of Memory Error (os_windows.cpp:3554), pid=20436, tid=17632
#
# JRE version:  (25.0.3+9) (build )
# Java VM: OpenJDK 64-Bit Server VM (25.0.3+9-LTS, mixed mode, sharing, tiered, compressed oops, compressed class ptrs, g1 gc, windows-amd64)
# No core dump will be written. Minidumps are not enabled by default on client versions of Windows
#

---------------  S U M M A R Y ------------

Command Line: -Dclassworlds.conf=C:\Program Files\apache-maven-3.9.16\bin\m2.conf -Dmaven.home=C:\Program Files\apache-maven-3.9.16 -Dlibrary.jansi.path=C:\Program Files\apache-maven-3.9.16\lib\jansi-native -Dmaven.multiModuleProjectDirectory=C:\Users\mr\Desktop\COGNIZANT DEEPSKILLING\MODULE-5\Spring Core and Maven\Exercise-9\librarymanagement9 org.codehaus.plexus.classworlds.launcher.Launcher clean install

Host: 12th Gen Intel(R) Core(TM) i7-1255U, 12 cores, 15G,  Windows 11 , 64 bit Build 26100 (10.0.26100.8521)
Time: Thu Jul  2 11:45:53 2026 India Standard Time elapsed time: 0.011020 seconds (0d 0h 0m 0s)

---------------  T H R E A D  ---------------

Current thread (0x0000015c13422ee0):  JavaThread "Unknown thread" [_thread_in_vm, id=17632, stack(0x000000292cd00000,0x000000292ce00000) (1024K)]

Stack: [0x000000292cd00000,0x000000292ce00000]
Native frames: (J=compiled Java code, j=interpreted, Vv=VM code, C=native code)
V  [jvm.dll+0x7aa709]  (no source info available)
V  [jvm.dll+0x7749ed]  (no source info available)
V  [jvm.dll+0x9f7433]  (no source info available)
V  [jvm.dll+0x9f9a21]  (no source info available)
V  [jvm.dll+0x9fa133]  (no source info available)
V  [jvm.dll+0x2fd266]  (no source info available)
V  [jvm.dll+0x7a6935]  (no source info available)
V  [jvm.dll+0x799d87]  (no source info available)
V  [jvm.dll+0x3f5d88]  (no source info available)
V  [jvm.dll+0x3fdcf6]  (no source info available)
V  [jvm.dll+0x3ea45e]  (no source info available)
V  [jvm.dll+0x3ea718]  (no source info available)
V  [jvm.dll+0x3c1575]  (no source info available)
V  [jvm.dll+0x3c21fe]  (no source info available)
V  [jvm.dll+0x9be2b4]  (no source info available)
V  [jvm.dll+0x45a9b2]  (no source info available)
V  [jvm.dll+0x9a20e2]  (no source info available)
V  [jvm.dll+0x4fb801]  (no source info available)
V  [jvm.dll+0x4fd0f1]  (no source info available)
C  [jli.dll+0x5406]  (no source info available)
C  [ucrtbase.dll+0x2cd30]  (no source info available)
C  [KERNEL32.DLL+0x2e957]  (no source info available)
C  [ntdll.dll+0x87c1c]  (no source info available)

Lock stack of current Java thread (top to bottom):


---------------  P R O C E S S  ---------------

Threads class SMR info:
_java_thread_list=0x00007ff95e741008, length=0, elements={
}

Java Threads: ( => current thread )
Total: 0

Other Threads:
  0x0000015c158aca90 WorkerThread "GC Thread#0"                     [id=16044, stack(0x000000292ce00000,0x000000292cf00000) (1024K)]
  0x0000015c158c53b0 ConcurrentGCThread "G1 Main Marker"            [id=19956, stack(0x000000292cf00000,0x000000292d000000) (1024K)]
  0x0000015c158c5f50 WorkerThread "G1 Conc#0"                       [id=21376, stack(0x000000292d000000,0x000000292d100000) (1024K)]

[error occurred during error reporting (printing all threads), id 0xc0000005, EXCEPTION_ACCESS_VIOLATION (0xc0000005) at pc=0x00007ff95dd6646a]
VM state: not at safepoint (not fully initialized)

VM Mutex/Monitor currently owned by a thread:  ([mutex/lock_event])
[0x00007ff95e7c9828] Heap_lock - owner thread: 0x0000015c13422ee0

Heap address: 0x0000000705200000, size: 4014 MB, Compressed Oops mode: Zero based, Oop shift amount: 3

CDS archive(s) mapped at: [0x0000000000000000-0x0000000000000000-0x0000000000000000), size 0, SharedBaseAddress: 0x0000000800000000, ArchiveRelocationMode: 1.
UseCompressedClassPointers 1, UseCompactObjectHeaders 0
Narrow klass pointer bits 32, Max shift 3
Narrow klass base: 0xffffffffffffffff, Narrow klass shift: -1
Encoding Range: [0xffffffffffffffff - 0x000000007fffffff), (2147483648 bytes)
Klass Range:    [0x0000000000000000 - 0x0000000000000000), (0 bytes)
Klass ID Range:  [4294967295 - 0) (1)
No protection zone.

GC Precious Log:
 CardTable entry size: 512
 Card Set container configuration: InlinePtr #cards 4 size 8 Array Of Cards #cards 16 size 48 Howl #buckets 8 coarsen threshold 3686 Howl Bitmap #cards 512 size 80 coarsen threshold 460 Card regions per heap region 1 cards per card region 4096

Heap:
 garbage-first heap   total reserved 4110336K, committed 0K, used 0K [0x0000000705200000, 0x0000000800000000)
  region size 2048K, 0 young (0K), 0 survivors (0K)

Heap Regions: E=young(eden), S=young(survivor), O=old, HS=humongous(starts), HC=humongous(continues), CS=collection set, F=free, TAMS=top-at-mark-start, PB=parsable bottom

Card table byte_map: [0x0000015c2e090000,0x0000015c2e870000] _byte_map_base: 0x0000015c2a867000

Marking Bits: (CMBitMap*) 0x0000015c158ad230
 Bits: [0x0000015c2e870000, 0x0000015c32728000)

GC Heap Usage History (0 events):
No events

Metaspace Usage History (0 events):
No events

Dll operation events (1 events):
Event: 0.007 Loaded shared library C:\Program Files\Eclipse Adoptium\jdk-25.0.3.9-hotspot\bin\java.dll

Deoptimization events (0 events):
No events

Classes loaded (0 events):
No events

Classes unloaded (0 events):
No events

Classes redefined (0 events):
No events

Internal exceptions (0 events):
No events

VM Operations (0 events):
No events

Memory protections (0 events):
No events

Nmethod flushes (0 events):
No events

Events (0 events):
No events


Dynamic libraries:
0x00007ff639cb0000 - 0x00007ff639cbe000 	C:\Program Files\Eclipse Adoptium\jdk-25.0.3.9-hotspot\bin\java.exe
0x00007ffa558c0000 - 0x00007ffa55b26000 	C:\WINDOWS\SYSTEM32\ntdll.dll
0x00007ffa55050000 - 0x00007ffa55119000 	C:\WINDOWS\System32\KERNEL32.DLL
0x00007ffa530d0000 - 0x00007ffa534ca000 	C:\WINDOWS\System32\KERNELBASE.dll
0x00007ffa52be0000 - 0x00007ffa52d2c000 	C:\WINDOWS\System32\ucrtbase.dll
0x00007ff9d4b90000 - 0x00007ff9d4ba6000 	C:\Program Files\Eclipse Adoptium\jdk-25.0.3.9-hotspot\bin\jli.dll
0x00007ffa55450000 - 0x00007ffa55617000 	C:\WINDOWS\System32\USER32.dll
0x00007ffa53600000 - 0x00007ffa53627000 	C:\WINDOWS\System32\win32u.dll
0x00007ff9d46c0000 - 0x00007ff9d46de000 	C:\Program Files\Eclipse Adoptium\jdk-25.0.3.9-hotspot\bin\VCRUNTIME140.dll
0x00007ffa55730000 - 0x00007ffa5575b000 	C:\WINDOWS\System32\GDI32.dll
0x00007ffa534d0000 - 0x00007ffa535fb000 	C:\WINDOWS\System32\gdi32full.dll
0x00007ffa52f60000 - 0x00007ffa53003000 	C:\WINDOWS\System32\msvcp_win.dll
0x00007ffa32cb0000 - 0x00007ffa32f42000 	C:\WINDOWS\WinSxS\amd64_microsoft.windows.common-controls_6595b64144ccf1df_6.0.26100.8521_none_3e08b75ce33403b3\COMCTL32.dll
0x00007ffa552f0000 - 0x00007ffa55399000 	C:\WINDOWS\System32\msvcrt.dll
0x00007ffa53630000 - 0x00007ffa53662000 	C:\WINDOWS\System32\IMM32.DLL
0x00007ffa2afb0000 - 0x00007ffa2afbc000 	C:\Program Files\Eclipse Adoptium\jdk-25.0.3.9-hotspot\bin\vcruntime140_1.dll
0x00007ff994bd0000 - 0x00007ff994c5d000 	C:\Program Files\Eclipse Adoptium\jdk-25.0.3.9-hotspot\bin\msvcp140.dll
0x00007ff95d990000 - 0x00007ff95e8ba000 	C:\Program Files\Eclipse Adoptium\jdk-25.0.3.9-hotspot\bin\server\jvm.dll
0x00007ffa54eb0000 - 0x00007ffa54f66000 	C:\WINDOWS\System32\ADVAPI32.dll
0x00007ffa553a0000 - 0x00007ffa5544a000 	C:\WINDOWS\System32\sechost.dll
0x00007ffa55760000 - 0x00007ffa55878000 	C:\WINDOWS\System32\RPCRT4.dll
0x00007ffa55180000 - 0x00007ffa55200000 	C:\WINDOWS\System32\WS2_32.dll
0x00007ffa529b0000 - 0x00007ffa52a0e000 	C:\WINDOWS\SYSTEM32\POWRPROF.dll
0x00007ffa43310000 - 0x00007ffa4331b000 	C:\WINDOWS\SYSTEM32\VERSION.dll
0x00007ffa49a90000 - 0x00007ffa49ac6000 	C:\WINDOWS\SYSTEM32\WINMM.dll
0x00007ffa52990000 - 0x00007ffa529a4000 	C:\WINDOWS\SYSTEM32\UMPDC.dll
0x00007ffa518e0000 - 0x00007ffa518fb000 	C:\WINDOWS\SYSTEM32\kernel.appcore.dll
0x00007ff9e3880000 - 0x00007ff9e388a000 	C:\Program Files\Eclipse Adoptium\jdk-25.0.3.9-hotspot\bin\jimage.dll
0x00007ffa50430000 - 0x00007ffa50672000 	C:\WINDOWS\SYSTEM32\DBGHELP.DLL
0x00007ffa53670000 - 0x00007ffa539f3000 	C:\WINDOWS\System32\combase.dll
0x00007ffa55210000 - 0x00007ffa552e9000 	C:\WINDOWS\System32\OLEAUT32.dll
0x00007ffa296f0000 - 0x00007ffa2972b000 	C:\WINDOWS\SYSTEM32\dbgcore.DLL
0x00007ffa52eb0000 - 0x00007ffa52f58000 	C:\WINDOWS\System32\bcryptPrimitives.dll
0x00007ff9bfa70000 - 0x00007ff9bfa8e000 	C:\Program Files\Eclipse Adoptium\jdk-25.0.3.9-hotspot\bin\java.dll
0x00007ffa53ca0000 - 0x00007ffa53e38000 	C:\WINDOWS\System32\ole32.dll
0x00007ffa54720000 - 0x00007ffa54ea4000 	C:\WINDOWS\System32\SHELL32.dll

JVMTI agents: none

dbghelp: loaded successfully - version: 4.0.5 - missing functions: none
symbol engine: initialized successfully - sym options: 0x614 - pdb path: .;C:\Program Files\Eclipse Adoptium\jdk-25.0.3.9-hotspot\bin;C:\WINDOWS\SYSTEM32;C:\WINDOWS\WinSxS\amd64_microsoft.windows.common-controls_6595b64144ccf1df_6.0.26100.8521_none_3e08b75ce33403b3;C:\Program Files\Eclipse Adoptium\jdk-25.0.3.9-hotspot\bin\server

VM Arguments:
jvm_args: -Dclassworlds.conf=C:\Program Files\apache-maven-3.9.16\bin\m2.conf -Dmaven.home=C:\Program Files\apache-maven-3.9.16 -Dlibrary.jansi.path=C:\Program Files\apache-maven-3.9.16\lib\jansi-native -Dmaven.multiModuleProjectDirectory=C:\Users\mr\Desktop\COGNIZANT DEEPSKILLING\MODULE-5\Spring Core and Maven\Exercise-9\librarymanagement9 
java_command: org.codehaus.plexus.classworlds.launcher.Launcher clean install
java_class_path (initial): C:\Program Files\apache-maven-3.9.16\boot\plexus-classworlds-2.11.0.jar
Launcher Type: SUN_STANDARD

[Global flags]
     intx CICompilerCount                          = 4                                         {product} {ergonomic}
     uint ConcGCThreads                            = 3                                         {product} {ergonomic}
     uint G1ConcRefinementThreads                  = 10                                        {product} {ergonomic}
   size_t G1HeapRegionSize                         = 2097152                                   {product} {ergonomic}
   size_t InitialHeapSize                          = 264241152                                 {product} {ergonomic}
   size_t MarkStackSize                            = 4194304                                   {product} {ergonomic}
   size_t MarkStackSizeMax                         = 536870912                                 {product} {ergonomic}
   size_t MaxHeapSize                              = 4208984064                                {product} {ergonomic}
   size_t MinHeapDeltaBytes                        = 2097152                                   {product} {ergonomic}
   size_t MinHeapSize                              = 8388608                                   {product} {ergonomic}
    uintx NonNMethodCodeHeapSize                   = 5898240                                {pd product} {ergonomic}
    uintx NonProfiledCodeHeapSize                  = 122945536                              {pd product} {ergonomic}
    uintx ProfiledCodeHeapSize                     = 122945536                              {pd product} {ergonomic}
    uintx ReservedCodeCacheSize                    = 251789312                              {pd product} {ergonomic}
     bool SegmentedCodeCache                       = true                                      {product} {ergonomic}
   size_t SoftMaxHeapSize                          = 4208984064                             {manageable} {ergonomic}
     bool UseCompressedOops                        = true                           {product lp64_product} {ergonomic}
     bool UseG1GC                                  = true                                      {product} {ergonomic}
     bool UseLargePagesIndividualAllocation        = false                                  {pd product} {ergonomic}

Logging:
Log output configuration:
 #0: stdout all=warning uptime,level,tags foldmultilines=false
 #1: stderr all=off uptime,level,tags foldmultilines=false

Release file:
<release file has not been read>
Environment Variables:
JAVA_HOME=C:\Program Files\Eclipse Adoptium\jdk-25.0.3.9-hotspot
PATH=C:\Program Files\Eclipse Adoptium\jdk-25.0.3.9-hotspot\bin;C:\Program Files\Amazon Corretto\jdk17.0.16_8\bin;C:\Program Files\Python313\Scripts\;C:\Program Files\Python313\;C:\Program Files\Common Files\Oracle\Java\javapath;C:\WINDOWS\system32;C:\WINDOWS;C:\WINDOWS\System32\Wbem;C:\WINDOWS\System32\WindowsPowerShell\v1.0\;C:\WINDOWS\System32\OpenSSH\;C:\Program Files\Java\jdk-23\bin;C:\Program Files\MySQL\MySQL Server 8.0\bin;C:\Program Files\nodejs\;C:\ProgramData\chocolatey\bin;C:\Program Files\nodejs\node_modules\npm\bin;C:\Program Files\Git\cmd;C:\Program Files\apache-maven-3.9.11\bin;C:\Program Files\apache-maven-3.9.16\bin;C:\Program Files\Eclipse Adoptium\jdk-25.0.3.9-hotspot\bin;C:\Program Files\MySQL\MySQL Shell 8.0\bin\;C:\Users\mr\AppData\Local\Microsoft\WindowsApps;C:\Users\mr\AppData\Local\Programs\Microsoft VS Code\bin;C:\Users\mr\AppData\Roaming\npm;C:\Users\mr\AppData\Roaming\Python\Python313\Scripts;
USERNAME=mr
OS=Windows_NT
PROCESSOR_IDENTIFIER=Intel64 Family 6 Model 154 Stepping 4, GenuineIntel
TMP=C:\Users\mr\AppData\Local\Temp
TEMP=C:\Users\mr\AppData\Local\Temp




Compilation memory statistics disabled.

Periodic native trim disabled

---------------  S Y S T E M  ---------------

OS:
 Windows 11 , 64 bit Build 26100 (10.0.26100.8521)
OS uptime: 4 days 16:27 hours

CPU: total 12 (initial active 12) (6 cores per cpu, 2 threads per core) family 6 model 154 stepping 4 microcode 0x42c, cx8, cmov, fxsr, ht, mmx, 3dnowpref, sse, sse2, sse3, ssse3, sse4.1, sse4.2, popcnt, lzcnt, tsc, tscinvbit, avx, avx2, aes, erms, clmul, bmi1, bmi2, adx, sha, fma, vzeroupper, clflush, clflushopt, clwb, serialize, rdtscp, rdpid, fsrm, gfni, f16c, pku, cet_ibt, cet_ss
Processor Information for processor 0
  Max Mhz: 1700, Current Mhz: 1700, Mhz Limit: 1700
Processor Information for processor 1
  Max Mhz: 1700, Current Mhz: 1700, Mhz Limit: 1700
Processor Information for processor 2
  Max Mhz: 1700, Current Mhz: 1700, Mhz Limit: 1700
Processor Information for processor 3
  Max Mhz: 1700, Current Mhz: 1700, Mhz Limit: 1700
Processor Information for processor 4
  Max Mhz: 1700, Current Mhz: 1200, Mhz Limit: 1190
Processor Information for processor 5
  Max Mhz: 1700, Current Mhz: 1200, Mhz Limit: 1190
Processor Information for processor 6
  Max Mhz: 1700, Current Mhz: 1200, Mhz Limit: 1190
Processor Information for processor 7
  Max Mhz: 1700, Current Mhz: 1200, Mhz Limit: 1190
Processor Information for processor 8
  Max Mhz: 1700, Current Mhz: 1200, Mhz Limit: 1190
Processor Information for processor 9
  Max Mhz: 1700, Current Mhz: 1200, Mhz Limit: 1190
Processor Information for processor 10
  Max Mhz: 1700, Current Mhz: 1200, Mhz Limit: 1190
Processor Information for processor 11
  Max Mhz: 1700, Current Mhz: 1200, Mhz Limit: 1190

Memory: 4k page, system-wide physical 16052M (2402M free)
TotalPageFile size 18295M (AvailPageFile size 113M)
current process WorkingSet (physical memory assigned to process): 14M, peak: 14M
current process commit charge ("private bytes"): 65M, peak: 317M

vm_info: OpenJDK 64-Bit Server VM (25.0.3+9-LTS) for windows-amd64 JRE (25.0.3+9-LTS), built on 2026-04-21T00:00:00Z with MS VC++ 17.12 (VS2022)

END.
