#
# There is insufficient memory for the Java Runtime Environment to continue.
# Native memory allocation (malloc) failed to allocate 32752 bytes. Error detail: Chunk::new
# Possible reasons:
#   The system is out of physical RAM or swap space
#   This process is running with CompressedOops enabled, and the Java Heap may be blocking the growth of the native heap
# Possible solutions:
#   Reduce memory load on the system
#   Increase physical memory or swap space
#   Check if swap backing store is full
#   Decrease Java heap size (-Xmx/-Xms)
#   Decrease number of Java threads
#   Decrease Java thread stack sizes (-Xss)
#   Set larger code cache with -XX:ReservedCodeCacheSize=
#   JVM is running with Unscaled Compressed Oops mode in which the Java heap is
#     placed in the first 4GB address space. The Java Heap base address is the
#     maximum limit for the native heap growth. Please use -XX:HeapBaseMinAddress
#     to set the Java Heap base and to place the Java Heap above 4GB virtual address.
# This output file may be truncated or incomplete.
#
#  Out of Memory Error (arena.cpp:186), pid=12108, tid=18816
#
# JRE version: OpenJDK Runtime Environment Temurin-25.0.3+9 (25.0.3+9) (build 25.0.3+9-LTS)
# Java VM: OpenJDK 64-Bit Server VM Temurin-25.0.3+9 (25.0.3+9-LTS, mixed mode, tiered, compressed oops, compressed class ptrs, g1 gc, windows-amd64)
# No core dump will be written. Minidumps are not enabled by default on client versions of Windows
#

---------------  S U M M A R Y ------------

Command Line: -Xms64m -Xmx256m -Dclassworlds.conf=C:\Program Files\apache-maven-3.9.16\bin\m2.conf -Dmaven.home=C:\Program Files\apache-maven-3.9.16 -Dlibrary.jansi.path=C:\Program Files\apache-maven-3.9.16\lib\jansi-native -Dmaven.multiModuleProjectDirectory=C:\Users\mr\Desktop\COGNIZANT DEEPSKILLING\MODULE-5\Spring Core and Maven\Exercise-9\librarymanagement9 org.codehaus.plexus.classworlds.launcher.Launcher spring-boot:run

Host: 12th Gen Intel(R) Core(TM) i7-1255U, 12 cores, 15G,  Windows 11 , 64 bit Build 26100 (10.0.26100.8521)
Time: Thu Jul  2 11:47:56 2026 India Standard Time elapsed time: 0.393132 seconds (0d 0h 0m 0s)

---------------  T H R E A D  ---------------

Current thread (0x000001b47d4b5370):  JavaThread "C2 CompilerThread0" daemon [_thread_in_native, id=18816, stack(0x000000498c800000,0x000000498c900000) (1024K)]


Current CompileTask:
C2:393  426       4       java.lang.StringLatin1::lastIndexOf (40 bytes)

Stack: [0x000000498c800000,0x000000498c900000]
Native frames: (J=compiled Java code, j=interpreted, Vv=VM code, C=native code)
V  [jvm.dll+0x7aa709]  (no source info available)
V  [jvm.dll+0x7749ed]  (no source info available)
V  [jvm.dll+0x9f7433]  (no source info available)
V  [jvm.dll+0x9f9a21]  (no source info available)
V  [jvm.dll+0x9fa133]  (no source info available)
V  [jvm.dll+0x2fd266]  (no source info available)
V  [jvm.dll+0x1113c6]  (no source info available)
V  [jvm.dll+0x1116ee]  (no source info available)
V  [jvm.dll+0x6bae97]  (no source info available)
V  [jvm.dll+0x2c99ba]  (no source info available)
V  [jvm.dll+0x2c9daf]  (no source info available)
V  [jvm.dll+0x2c2299]  (no source info available)
V  [jvm.dll+0x2bf71f]  (no source info available)
V  [jvm.dll+0x2374a0]  (no source info available)
V  [jvm.dll+0x2cf906]  (no source info available)
V  [jvm.dll+0x2cdb8a]  (no source info available)
V  [jvm.dll+0x49070e]  (no source info available)
V  [jvm.dll+0x99894d]  (no source info available)
V  [jvm.dll+0x7a8ce5]  (no source info available)
C  [ucrtbase.dll+0x2cd30]  (no source info available)
C  [KERNEL32.DLL+0x2e957]  (no source info available)
C  [ntdll.dll+0x87c1c]  (no source info available)

Lock stack of current Java thread (top to bottom):


---------------  P R O C E S S  ---------------

Threads class SMR info:
_java_thread_list=0x000001b41c0bbbf0, length=12, elements={
0x000001b477a52dd0, 0x000001b47d493e80, 0x000001b47d495850, 0x000001b47d4a09b0,
0x000001b47d4a16c0, 0x000001b47d498890, 0x000001b47d4a1fb0, 0x000001b47d4b5370,
0x000001b47d4bbba0, 0x000001b417b8d440, 0x000001b417bb0020, 0x000001b41c4290d0
}

Java Threads: ( => current thread )
  0x000001b477a52dd0 JavaThread "main"                              [_thread_in_Java, id=20504, stack(0x000000498ba00000,0x000000498bb00000) (1024K)]
  0x000001b47d493e80 JavaThread "Reference Handler"          daemon [_thread_blocked, id=20368, stack(0x000000498c200000,0x000000498c300000) (1024K)]
  0x000001b47d495850 JavaThread "Finalizer"                  daemon [_thread_blocked, id=352, stack(0x000000498c300000,0x000000498c400000) (1024K)]
  0x000001b47d4a09b0 JavaThread "Signal Dispatcher"          daemon [_thread_blocked, id=10488, stack(0x000000498c400000,0x000000498c500000) (1024K)]
  0x000001b47d4a16c0 JavaThread "Attach Listener"            daemon [_thread_blocked, id=18768, stack(0x000000498c500000,0x000000498c600000) (1024K)]
  0x000001b47d498890 JavaThread "Service Thread"             daemon [_thread_blocked, id=12716, stack(0x000000498c600000,0x000000498c700000) (1024K)]
  0x000001b47d4a1fb0 JavaThread "Monitor Deflation Thread"   daemon [_thread_blocked, id=14624, stack(0x000000498c700000,0x000000498c800000) (1024K)]
=>0x000001b47d4b5370 JavaThread "C2 CompilerThread0"         daemon [_thread_in_native, id=18816, stack(0x000000498c800000,0x000000498c900000) (1024K)]
  0x000001b47d4bbba0 JavaThread "C1 CompilerThread0"         daemon [_thread_in_native, id=2960, stack(0x000000498c900000,0x000000498ca00000) (1024K)]
  0x000001b417b8d440 JavaThread "Notification Thread"        daemon [_thread_blocked, id=2716, stack(0x000000498ca00000,0x000000498cb00000) (1024K)]
  0x000001b417bb0020 JavaThread "Common-Cleaner"             daemon [_thread_blocked, id=21120, stack(0x000000498cb00000,0x000000498cc00000) (1024K)]
  0x000001b41c4290d0 JavaThread "cleanup"                    daemon [_thread_in_vm, id=9056, stack(0x000000498cc00000,0x000000498cd00000) (1024K)]
Total: 12

Other Threads:
  0x000001b47d441860 VMThread "VM Thread"                           [id=8548, stack(0x000000498c100000,0x000000498c200000) (1024K)]
  0x000001b479e6edc0 WatcherThread "VM Periodic Task Thread"        [id=11376, stack(0x000000498c000000,0x000000498c100000) (1024K)]
  0x000001b479e08f70 WorkerThread "GC Thread#0"                     [id=23072, stack(0x000000498bb00000,0x000000498bc00000) (1024K)]
  0x000001b479e0d040 ConcurrentGCThread "G1 Main Marker"            [id=2664, stack(0x000000498bc00000,0x000000498bd00000) (1024K)]
  0x000001b479e0f1d0 WorkerThread "G1 Conc#0"                       [id=7524, stack(0x000000498bd00000,0x000000498be00000) (1024K)]
  0x000001b479e5fac0 ConcurrentGCThread "G1 Refine#0"               [id=21768, stack(0x000000498be00000,0x000000498bf00000) (1024K)]
  0x000001b479e625e0 ConcurrentGCThread "G1 Service"                [id=3132, stack(0x000000498bf00000,0x000000498c000000) (1024K)]
Total: 7

Threads with active compile tasks:
C2 CompilerThread0  436  426       4       java.lang.StringLatin1::lastIndexOf (40 bytes)
C1 CompilerThread0  436  417       3       jdk.internal.classfile.impl.StackMapGenerator::processBlock (2767 bytes)
Total: 2

VM state: not at safepoint (normal execution)

VM Mutex/Monitor currently owned by a thread: None

Heap address: 0x00000000f0000000, size: 256 MB, Compressed Oops mode: 32-bit

CDS archive(s) not mapped
Compressed class space mapped at: 0x0000000010000000-0x0000000050000000, reserved size: 1073741824
UseCompressedClassPointers 1, UseCompactObjectHeaders 0
Narrow klass pointer bits 32, Max shift 3
Narrow klass base: 0x0000000000000000, Narrow klass shift: 0
Encoding Range: [0x0000000000000000 - 0x0000000100000000), (4294967296 bytes)
Klass Range:    [0x0000000010000000 - 0x0000000050000000), (1073741824 bytes)
Klass ID Range:  [268435456 - 1342177273) (1073741817)
No protection zone.

GC Precious Log:
 CardTable entry size: 512
 Card Set container configuration: InlinePtr #cards 5 size 8 Array Of Cards #cards 10 size 36 Howl #buckets 4 coarsen threshold 1843 Howl Bitmap #cards 512 size 80 coarsen threshold 460 Card regions per heap region 1 cards per card region 2048
 CPUs: 12 total, 12 available
 Memory: 16052M
 Large Page Support: Disabled
 NUMA Support: Disabled
 Compressed Oops: Enabled (32-bit)
 Heap Region Size: 1M
 Heap Min Capacity: 64M
 Heap Initial Capacity: 64M
 Heap Max Capacity: 256M
 Pre-touch: Disabled
 Parallel Workers: 10
 Concurrent Workers: 3
 Concurrent Refinement Workers: 10
 Periodic GC: Disabled

Heap:
 garbage-first heap   total reserved 262144K, committed 65536K, used 6144K [0x00000000f0000000, 0x0000000100000000)
  region size 1024K, 7 young (7168K), 0 survivors (0K)

Heap Regions: E=young(eden), S=young(survivor), O=old, HS=humongous(starts), HC=humongous(continues), CS=collection set, F=free, TAMS=top-at-mark-start, PB=parsable bottom
|   0|0x00000000f0000000, 0x00000000f0000000, 0x00000000f0100000|  0%| F|  |TAMS 0x00000000f0000000| PB 0x00000000f0000000| Untracked |  0
|   1|0x00000000f0100000, 0x00000000f0100000, 0x00000000f0200000|  0%| F|  |TAMS 0x00000000f0100000| PB 0x00000000f0100000| Untracked |  0
|   2|0x00000000f0200000, 0x00000000f0200000, 0x00000000f0300000|  0%| F|  |TAMS 0x00000000f0200000| PB 0x00000000f0200000| Untracked |  0
|   3|0x00000000f0300000, 0x00000000f0300000, 0x00000000f0400000|  0%| F|  |TAMS 0x00000000f0300000| PB 0x00000000f0300000| Untracked |  0
|   4|0x00000000f0400000, 0x00000000f0400000, 0x00000000f0500000|  0%| F|  |TAMS 0x00000000f0400000| PB 0x00000000f0400000| Untracked |  0
|   5|0x00000000f0500000, 0x00000000f0500000, 0x00000000f0600000|  0%| F|  |TAMS 0x00000000f0500000| PB 0x00000000f0500000| Untracked |  0
|   6|0x00000000f0600000, 0x00000000f0600000, 0x00000000f0700000|  0%| F|  |TAMS 0x00000000f0600000| PB 0x00000000f0600000| Untracked |  0
|   7|0x00000000f0700000, 0x00000000f0700000, 0x00000000f0800000|  0%| F|  |TAMS 0x00000000f0700000| PB 0x00000000f0700000| Untracked |  0
|   8|0x00000000f0800000, 0x00000000f0800000, 0x00000000f0900000|  0%| F|  |TAMS 0x00000000f0800000| PB 0x00000000f0800000| Untracked |  0
|   9|0x00000000f0900000, 0x00000000f0900000, 0x00000000f0a00000|  0%| F|  |TAMS 0x00000000f0900000| PB 0x00000000f0900000| Untracked |  0
|  10|0x00000000f0a00000, 0x00000000f0a00000, 0x00000000f0b00000|  0%| F|  |TAMS 0x00000000f0a00000| PB 0x00000000f0a00000| Untracked |  0
|  11|0x00000000f0b00000, 0x00000000f0b00000, 0x00000000f0c00000|  0%| F|  |TAMS 0x00000000f0b00000| PB 0x00000000f0b00000| Untracked |  0
|  12|0x00000000f0c00000, 0x00000000f0c00000, 0x00000000f0d00000|  0%| F|  |TAMS 0x00000000f0c00000| PB 0x00000000f0c00000| Untracked |  0
|  13|0x00000000f0d00000, 0x00000000f0d00000, 0x00000000f0e00000|  0%| F|  |TAMS 0x00000000f0d00000| PB 0x00000000f0d00000| Untracked |  0
|  14|0x00000000f0e00000, 0x00000000f0e00000, 0x00000000f0f00000|  0%| F|  |TAMS 0x00000000f0e00000| PB 0x00000000f0e00000| Untracked |  0
|  15|0x00000000f0f00000, 0x00000000f0f00000, 0x00000000f1000000|  0%| F|  |TAMS 0x00000000f0f00000| PB 0x00000000f0f00000| Untracked |  0
|  16|0x00000000f1000000, 0x00000000f1000000, 0x00000000f1100000|  0%| F|  |TAMS 0x00000000f1000000| PB 0x00000000f1000000| Untracked |  0
|  17|0x00000000f1100000, 0x00000000f1100000, 0x00000000f1200000|  0%| F|  |TAMS 0x00000000f1100000| PB 0x00000000f1100000| Untracked |  0
|  18|0x00000000f1200000, 0x00000000f1200000, 0x00000000f1300000|  0%| F|  |TAMS 0x00000000f1200000| PB 0x00000000f1200000| Untracked |  0
|  19|0x00000000f1300000, 0x00000000f1300000, 0x00000000f1400000|  0%| F|  |TAMS 0x00000000f1300000| PB 0x00000000f1300000| Untracked |  0
|  20|0x00000000f1400000, 0x00000000f1400000, 0x00000000f1500000|  0%| F|  |TAMS 0x00000000f1400000| PB 0x00000000f1400000| Untracked |  0
|  21|0x00000000f1500000, 0x00000000f1500000, 0x00000000f1600000|  0%| F|  |TAMS 0x00000000f1500000| PB 0x00000000f1500000| Untracked |  0
|  22|0x00000000f1600000, 0x00000000f1600000, 0x00000000f1700000|  0%| F|  |TAMS 0x00000000f1600000| PB 0x00000000f1600000| Untracked |  0
|  23|0x00000000f1700000, 0x00000000f1700000, 0x00000000f1800000|  0%| F|  |TAMS 0x00000000f1700000| PB 0x00000000f1700000| Untracked |  0
|  24|0x00000000f1800000, 0x00000000f1800000, 0x00000000f1900000|  0%| F|  |TAMS 0x00000000f1800000| PB 0x00000000f1800000| Untracked |  0
|  25|0x00000000f1900000, 0x00000000f1900000, 0x00000000f1a00000|  0%| F|  |TAMS 0x00000000f1900000| PB 0x00000000f1900000| Untracked |  0
|  26|0x00000000f1a00000, 0x00000000f1a00000, 0x00000000f1b00000|  0%| F|  |TAMS 0x00000000f1a00000| PB 0x00000000f1a00000| Untracked |  0
|  27|0x00000000f1b00000, 0x00000000f1b00000, 0x00000000f1c00000|  0%| F|  |TAMS 0x00000000f1b00000| PB 0x00000000f1b00000| Untracked |  0
|  28|0x00000000f1c00000, 0x00000000f1c00000, 0x00000000f1d00000|  0%| F|  |TAMS 0x00000000f1c00000| PB 0x00000000f1c00000| Untracked |  0
|  29|0x00000000f1d00000, 0x00000000f1d00000, 0x00000000f1e00000|  0%| F|  |TAMS 0x00000000f1d00000| PB 0x00000000f1d00000| Untracked |  0
|  30|0x00000000f1e00000, 0x00000000f1e00000, 0x00000000f1f00000|  0%| F|  |TAMS 0x00000000f1e00000| PB 0x00000000f1e00000| Untracked |  0
|  31|0x00000000f1f00000, 0x00000000f1f00000, 0x00000000f2000000|  0%| F|  |TAMS 0x00000000f1f00000| PB 0x00000000f1f00000| Untracked |  0
|  32|0x00000000f2000000, 0x00000000f2000000, 0x00000000f2100000|  0%| F|  |TAMS 0x00000000f2000000| PB 0x00000000f2000000| Untracked |  0
|  33|0x00000000f2100000, 0x00000000f2100000, 0x00000000f2200000|  0%| F|  |TAMS 0x00000000f2100000| PB 0x00000000f2100000| Untracked |  0
|  34|0x00000000f2200000, 0x00000000f2200000, 0x00000000f2300000|  0%| F|  |TAMS 0x00000000f2200000| PB 0x00000000f2200000| Untracked |  0
|  35|0x00000000f2300000, 0x00000000f2300000, 0x00000000f2400000|  0%| F|  |TAMS 0x00000000f2300000| PB 0x00000000f2300000| Untracked |  0
|  36|0x00000000f2400000, 0x00000000f2400000, 0x00000000f2500000|  0%| F|  |TAMS 0x00000000f2400000| PB 0x00000000f2400000| Untracked |  0
|  37|0x00000000f2500000, 0x00000000f2500000, 0x00000000f2600000|  0%| F|  |TAMS 0x00000000f2500000| PB 0x00000000f2500000| Untracked |  0
|  38|0x00000000f2600000, 0x00000000f2600000, 0x00000000f2700000|  0%| F|  |TAMS 0x00000000f2600000| PB 0x00000000f2600000| Untracked |  0
|  39|0x00000000f2700000, 0x00000000f2700000, 0x00000000f2800000|  0%| F|  |TAMS 0x00000000f2700000| PB 0x00000000f2700000| Untracked |  0
|  40|0x00000000f2800000, 0x00000000f2800000, 0x00000000f2900000|  0%| F|  |TAMS 0x00000000f2800000| PB 0x00000000f2800000| Untracked |  0
|  41|0x00000000f2900000, 0x00000000f2900000, 0x00000000f2a00000|  0%| F|  |TAMS 0x00000000f2900000| PB 0x00000000f2900000| Untracked |  0
|  42|0x00000000f2a00000, 0x00000000f2a00000, 0x00000000f2b00000|  0%| F|  |TAMS 0x00000000f2a00000| PB 0x00000000f2a00000| Untracked |  0
|  43|0x00000000f2b00000, 0x00000000f2b00000, 0x00000000f2c00000|  0%| F|  |TAMS 0x00000000f2b00000| PB 0x00000000f2b00000| Untracked |  0
|  44|0x00000000f2c00000, 0x00000000f2c00000, 0x00000000f2d00000|  0%| F|  |TAMS 0x00000000f2c00000| PB 0x00000000f2c00000| Untracked |  0
|  45|0x00000000f2d00000, 0x00000000f2d00000, 0x00000000f2e00000|  0%| F|  |TAMS 0x00000000f2d00000| PB 0x00000000f2d00000| Untracked |  0
|  46|0x00000000f2e00000, 0x00000000f2e00000, 0x00000000f2f00000|  0%| F|  |TAMS 0x00000000f2e00000| PB 0x00000000f2e00000| Untracked |  0
|  47|0x00000000f2f00000, 0x00000000f2f00000, 0x00000000f3000000|  0%| F|  |TAMS 0x00000000f2f00000| PB 0x00000000f2f00000| Untracked |  0
|  48|0x00000000f3000000, 0x00000000f3000000, 0x00000000f3100000|  0%| F|  |TAMS 0x00000000f3000000| PB 0x00000000f3000000| Untracked |  0
|  49|0x00000000f3100000, 0x00000000f3100000, 0x00000000f3200000|  0%| F|  |TAMS 0x00000000f3100000| PB 0x00000000f3100000| Untracked |  0
|  50|0x00000000f3200000, 0x00000000f3200000, 0x00000000f3300000|  0%| F|  |TAMS 0x00000000f3200000| PB 0x00000000f3200000| Untracked |  0
|  51|0x00000000f3300000, 0x00000000f3300000, 0x00000000f3400000|  0%| F|  |TAMS 0x00000000f3300000| PB 0x00000000f3300000| Untracked |  0
|  52|0x00000000f3400000, 0x00000000f3400000, 0x00000000f3500000|  0%| F|  |TAMS 0x00000000f3400000| PB 0x00000000f3400000| Untracked |  0
|  53|0x00000000f3500000, 0x00000000f3500000, 0x00000000f3600000|  0%| F|  |TAMS 0x00000000f3500000| PB 0x00000000f3500000| Untracked |  0
|  54|0x00000000f3600000, 0x00000000f3600000, 0x00000000f3700000|  0%| F|  |TAMS 0x00000000f3600000| PB 0x00000000f3600000| Untracked |  0
|  55|0x00000000f3700000, 0x00000000f3700000, 0x00000000f3800000|  0%| F|  |TAMS 0x00000000f3700000| PB 0x00000000f3700000| Untracked |  0
|  56|0x00000000f3800000, 0x00000000f3800000, 0x00000000f3900000|  0%| F|  |TAMS 0x00000000f3800000| PB 0x00000000f3800000| Untracked |  0
|  57|0x00000000f3900000, 0x00000000f3a00000, 0x00000000f3a00000|100%| E|  |TAMS 0x00000000f3900000| PB 0x00000000f3900000| Complete |  0
|  58|0x00000000f3a00000, 0x00000000f3b00000, 0x00000000f3b00000|100%| E|CS|TAMS 0x00000000f3a00000| PB 0x00000000f3a00000| Complete |  0
|  59|0x00000000f3b00000, 0x00000000f3c00000, 0x00000000f3c00000|100%| E|CS|TAMS 0x00000000f3b00000| PB 0x00000000f3b00000| Complete |  0
|  60|0x00000000f3c00000, 0x00000000f3d00000, 0x00000000f3d00000|100%| E|CS|TAMS 0x00000000f3c00000| PB 0x00000000f3c00000| Complete |  0
|  61|0x00000000f3d00000, 0x00000000f3e00000, 0x00000000f3e00000|100%| E|CS|TAMS 0x00000000f3d00000| PB 0x00000000f3d00000| Complete |  0
|  62|0x00000000f3e00000, 0x00000000f3f00000, 0x00000000f3f00000|100%| E|CS|TAMS 0x00000000f3e00000| PB 0x00000000f3e00000| Complete |  0
|  63|0x00000000f3f00000, 0x00000000f4000000, 0x00000000f4000000|100%| E|CS|TAMS 0x00000000f3f00000| PB 0x00000000f3f00000| Complete |  0

Card table byte_map: [0x000001b47a3f0000,0x000001b47a470000] _byte_map_base: 0x000001b479c70000

Marking Bits: (CMBitMap*) 0x000001b479e09700
 Bits: [0x000001b47a470000, 0x000001b47a870000)

Polling page: 0x000001b477cd0000

Metaspace:
Metaspace        used 8535K, committed 8768K, reserved 1114112K
 class space     used 726K, committed 832K, reserved 1048576K

Usage:
  Non-class:      7.63 MB used.
      Class:    726.40 KB used.
       Both:      8.33 MB used.

Virtual space:
  Non-class space:       64.00 MB reserved,       7.75 MB ( 12%) committed,  1 nodes.
      Class space:        1.00 GB reserved,     832.00 KB ( <1%) committed,  1 nodes.
             Both:        1.06 GB reserved,       8.56 MB ( <1%) committed. 

Chunk freelists:
   Non-Class:  8.22 MB
       Class:  15.18 MB
        Both:  23.41 MB

MaxMetaspaceSize: unlimited
CompressedClassSpaceSize: 1.00 GB
Initial GC threshold: 21.00 MB
Current GC threshold: 21.00 MB
CDS: off
 - commit_granule_bytes: 65536.
 - commit_granule_words: 8192.
 - virtual_space_node_default_size: 8388608.
 - enlarge_chunks_in_place: 1.
UseCompressedClassPointers 1, UseCompactObjectHeaders 0
Narrow klass pointer bits 32, Max shift 3
Narrow klass base: 0x0000000000000000, Narrow klass shift: 0
Encoding Range: [0x0000000000000000 - 0x0000000100000000), (4294967296 bytes)
Klass Range:    [0x0000000010000000 - 0x0000000050000000), (1073741824 bytes)
Klass ID Range:  [268435456 - 1342177273) (1073741817)
No protection zone.


Internal statistics:

num_allocs_failed_limit: 0.
num_arena_births: 32.
num_arena_deaths: 0.
num_vsnodes_births: 2.
num_vsnodes_deaths: 0.
num_space_committed: 137.
num_space_uncommitted: 0.
num_chunks_returned_to_freelist: 0.
num_chunks_taken_from_freelist: 64.
num_chunk_merges: 0.
num_chunk_splits: 38.
num_chunks_enlarged: 28.
num_inconsistent_stats: 0.

CodeHeap 'non-profiled nmethods': size=120064Kb used=140Kb max_used=140Kb free=119923Kb
 bounds [0x000001b410520000, 0x000001b410790000, 0x000001b417a60000]
CodeHeap 'profiled nmethods': size=120064Kb used=393Kb max_used=393Kb free=119670Kb
 bounds [0x000001b408a40000, 0x000001b408cb0000, 0x000001b40ff80000]
CodeHeap 'non-nmethods': size=5760Kb used=1290Kb max_used=1293Kb free=4469Kb
 bounds [0x000001b40ff80000, 0x000001b4101f0000, 0x000001b410520000]
CodeCache: size=245888Kb, used=1823Kb, max_used=1826Kb, free=244062Kb
 total_blobs=848, nmethods=430, adapters=322, full_count=0
Compilation: enabled, stopped_count=0, restarted_count=0

Compilation events (20 events):
Event: 0.377 Thread 0x000001b47d4bbba0  404       3       jdk.internal.classfile.impl.SplitConstantPool::internalAdd (78 bytes)
Event: 0.377 Thread 0x000001b47d4bbba0 nmethod 404 0x000001b408a9ff88 code [0x000001b408aa0080, 0x000001b408aa0768]
Event: 0.377 Thread 0x000001b47d4bbba0  401       1       jdk.internal.classfile.impl.AbstractDirectBuilder::constantPool (5 bytes)
Event: 0.377 Thread 0x000001b47d4bbba0 nmethod 401 0x000001b41053f588 code [0x000001b41053f680, 0x000001b41053f748]
Event: 0.377 Thread 0x000001b47d4bbba0  407       3       java.lang.invoke.LambdaForm$BasicType::basicType (187 bytes)
Event: 0.378 Thread 0x000001b47d4bbba0 nmethod 407 0x000001b408aa0788 code [0x000001b408aa0880, 0x000001b408aa1520]
Event: 0.378 Thread 0x000001b47d4bbba0  409       3       jdk.internal.classfile.impl.AbstractPoolEntry$Utf8EntryImpl::contentHash (19 bytes)
Event: 0.378 Thread 0x000001b47d4bbba0 nmethod 409 0x000001b408aa1588 code [0x000001b408aa1680, 0x000001b408aa1808]
Event: 0.378 Thread 0x000001b47d4bbba0  411       3       jdk.internal.classfile.impl.AbstractPoolEntry$Utf8EntryImpl::<init> (49 bytes)
Event: 0.378 Thread 0x000001b47d4bbba0 nmethod 411 0x000001b408aa1888 code [0x000001b408aa1980, 0x000001b408aa1e90]
Event: 0.378 Thread 0x000001b47d4bbba0  412       3       jdk.internal.classfile.impl.RawBytecodeHelper::getU1Unchecked (13 bytes)
Event: 0.379 Thread 0x000001b47d4bbba0 nmethod 412 0x000001b408aa1f08 code [0x000001b408aa2000, 0x000001b408aa2198]
Event: 0.379 Thread 0x000001b47d4bbba0  413       3       jdk.internal.classfile.impl.AbstractPoolEntry$Utf8EntryImpl::writeTo (44 bytes)
Event: 0.379 Thread 0x000001b47d4bbba0 nmethod 413 0x000001b408aa2208 code [0x000001b408aa2300, 0x000001b408aa26b0]
Event: 0.380 Thread 0x000001b47d4bbba0  416       1       jdk.internal.classfile.impl.AbstractPoolEntry::hashCode (5 bytes)
Event: 0.380 Thread 0x000001b47d4bbba0 nmethod 416 0x000001b410540188 code [0x000001b410540280, 0x000001b410540348]
Event: 0.380 Thread 0x000001b47d4bbba0  417       3       jdk.internal.classfile.impl.StackMapGenerator::processBlock (2767 bytes)
Event: 0.380 Thread 0x000001b47d4b5370  419 %     4       java.lang.StringLatin1::indexOf @ 30 (121 bytes)
Event: 0.386 Thread 0x000001b47d4b5370 nmethod 419% 0x000001b410540a88 code [0x000001b410540b80, 0x000001b410540f20]
Event: 0.387 Thread 0x000001b47d4b5370  426       4       java.lang.StringLatin1::lastIndexOf (40 bytes)

GC Heap Usage History (0 events):
No events

Metaspace Usage History (0 events):
No events

Dll operation events (4 events):
Event: 0.007 Loaded shared library C:\Program Files\Eclipse Adoptium\jdk-25.0.3.9-hotspot\bin\java.dll
Event: 0.167 Loaded shared library C:\Program Files\Eclipse Adoptium\jdk-25.0.3.9-hotspot\bin\net.dll
Event: 0.169 Loaded shared library C:\Program Files\Eclipse Adoptium\jdk-25.0.3.9-hotspot\bin\nio.dll
Event: 0.183 Loaded shared library C:\Program Files\Eclipse Adoptium\jdk-25.0.3.9-hotspot\bin\zip.dll

Deoptimization events (20 events):
Event: 0.327 Thread 0x000001b477a52dd0 DEOPT PACKING pc=0x000001b408a7e7f8 sp=0x000000498bafa890
Event: 0.327 Thread 0x000001b477a52dd0 DEOPT UNPACKING pc=0x000001b40ffd1702 sp=0x000000498baf9d00 mode 0
Event: 0.328 Thread 0x000001b477a52dd0 DEOPT PACKING pc=0x000001b408a7e7f8 sp=0x000000498bafa890
Event: 0.328 Thread 0x000001b477a52dd0 DEOPT UNPACKING pc=0x000001b40ffd1702 sp=0x000000498baf9d00 mode 0
Event: 0.330 Thread 0x000001b477a52dd0 DEOPT PACKING pc=0x000001b408a7e7f8 sp=0x000000498bafa890
Event: 0.330 Thread 0x000001b477a52dd0 DEOPT UNPACKING pc=0x000001b40ffd1702 sp=0x000000498baf9d00 mode 0
Event: 0.331 Thread 0x000001b477a52dd0 DEOPT PACKING pc=0x000001b408a7768b sp=0x000000498bafa930
Event: 0.331 Thread 0x000001b477a52dd0 DEOPT UNPACKING pc=0x000001b40ffd1702 sp=0x000000498baf9df0 mode 0
Event: 0.333 Thread 0x000001b477a52dd0 DEOPT PACKING pc=0x000001b408a7768b sp=0x000000498bafa930
Event: 0.333 Thread 0x000001b477a52dd0 DEOPT UNPACKING pc=0x000001b40ffd1702 sp=0x000000498baf9df0 mode 0
Event: 0.335 Thread 0x000001b477a52dd0 DEOPT PACKING pc=0x000001b408a7768b sp=0x000000498bafa930
Event: 0.335 Thread 0x000001b477a52dd0 DEOPT UNPACKING pc=0x000001b40ffd1702 sp=0x000000498baf9df0 mode 0
Event: 0.337 Thread 0x000001b477a52dd0 DEOPT PACKING pc=0x000001b408a7768b sp=0x000000498bafa950
Event: 0.337 Thread 0x000001b477a52dd0 DEOPT UNPACKING pc=0x000001b40ffd1702 sp=0x000000498baf9e10 mode 0
Event: 0.342 Thread 0x000001b477a52dd0 DEOPT PACKING pc=0x000001b408a7768b sp=0x000000498bafa930
Event: 0.342 Thread 0x000001b477a52dd0 DEOPT UNPACKING pc=0x000001b40ffd1702 sp=0x000000498baf9df0 mode 0
Event: 0.343 Thread 0x000001b477a52dd0 DEOPT PACKING pc=0x000001b408a7768b sp=0x000000498bafa930
Event: 0.343 Thread 0x000001b477a52dd0 DEOPT UNPACKING pc=0x000001b40ffd1702 sp=0x000000498baf9df0 mode 0
Event: 0.345 Thread 0x000001b477a52dd0 DEOPT PACKING pc=0x000001b408a7768b sp=0x000000498bafa8d0
Event: 0.345 Thread 0x000001b477a52dd0 DEOPT UNPACKING pc=0x000001b40ffd1702 sp=0x000000498baf9d90 mode 0

Classes loaded (20 events):
Event: 0.371 Loading class java/lang/invoke/BoundMethodHandle$Species_LL
Event: 0.372 Loading class java/lang/invoke/BoundMethodHandle$Species_LL done
Event: 0.374 Loading class java/lang/invoke/BoundMethodHandle$Species_LLL
Event: 0.375 Loading class java/lang/invoke/BoundMethodHandle$Species_LLL done
Event: 0.377 Loading class java/lang/invoke/BoundMethodHandle$Species_LLLL
Event: 0.377 Loading class java/lang/invoke/BoundMethodHandle$Species_LLLL done
Event: 0.378 Loading class jdk/internal/reflect/DirectMethodHandleAccessor
Event: 0.379 Loading class jdk/internal/reflect/DirectMethodHandleAccessor done
Event: 0.379 Loading class java/lang/NoSuchMethodError
Event: 0.379 Loading class java/lang/IncompatibleClassChangeError
Event: 0.379 Loading class java/lang/IncompatibleClassChangeError done
Event: 0.379 Loading class java/lang/NoSuchMethodError done
Event: 0.384 Loading class java/lang/InheritableThreadLocal
Event: 0.385 Loading class java/lang/InheritableThreadLocal done
Event: 0.385 Loading class java/util/concurrent/Callable
Event: 0.385 Loading class java/util/concurrent/Callable done
Event: 0.388 Loading class java/io/IOError
Event: 0.388 Loading class java/io/IOError done
Event: 0.389 Loading class java/nio/charset/UnsupportedCharsetException
Event: 0.389 Loading class java/nio/charset/UnsupportedCharsetException done

Classes unloaded (0 events):
No events

Classes redefined (0 events):
No events

Internal exceptions (2 events):
Event: 0.379 Thread 0x000001b477a52dd0 Exception <a 'java/lang/NoSuchMethodError'{0x00000000f3a48b20}: 'java.lang.Object java.lang.invoke.Invokers$Holder.invokeExact_MT(java.lang.Object, java.lang.Object, java.lang.Object, java.lang.Object, java.lang.Object)'> (0x00000000f3a48b20) 
thrown [s\src\hotspot\share\interpreter\linkResolver.cpp, line 804]
Event: 0.385 Thread 0x000001b477a52dd0 Exception <a 'java/lang/NoSuchMethodError'{0x00000000f3a78758}: 'java.lang.Object java.lang.invoke.DirectMethodHandle$Holder.invokeStaticInit(java.lang.Object)'> (0x00000000f3a78758) 
thrown [s\src\hotspot\share\interpreter\linkResolver.cpp, line 804]

VM Operations (2 events):
Event: 0.185 Executing non-safepoint VM operation: HandshakeAllThreads (Deoptimize)
Event: 0.185 Executing non-safepoint VM operation: HandshakeAllThreads (Deoptimize) done

Memory protections (0 events):
No events

Nmethod flushes (0 events):
No events

Events (11 events):
Event: 0.014 Thread 0x000001b477a52dd0 Thread added: 0x000001b477a52dd0
Event: 0.102 Thread 0x000001b477a52dd0 Thread added: 0x000001b47d493e80
Event: 0.102 Thread 0x000001b477a52dd0 Thread added: 0x000001b47d495850
Event: 0.104 Thread 0x000001b477a52dd0 Thread added: 0x000001b47d4a09b0
Event: 0.104 Thread 0x000001b477a52dd0 Thread added: 0x000001b47d4a16c0
Event: 0.104 Thread 0x000001b477a52dd0 Thread added: 0x000001b47d498890
Event: 0.105 Thread 0x000001b477a52dd0 Thread added: 0x000001b47d4a1fb0
Event: 0.105 Thread 0x000001b477a52dd0 Thread added: 0x000001b47d4b5370
Event: 0.105 Thread 0x000001b477a52dd0 Thread added: 0x000001b47d4bbba0
Event: 0.148 Thread 0x000001b477a52dd0 Thread added: 0x000001b417b8d440
Event: 0.156 Thread 0x000001b477a52dd0 Thread added: 0x000001b417bb0020


Dynamic libraries:
0x00007ff639cb0000 - 0x00007ff639cbe000 	C:\Program Files\Eclipse Adoptium\jdk-25.0.3.9-hotspot\bin\java.exe
0x00007ffa558c0000 - 0x00007ffa55b26000 	C:\WINDOWS\SYSTEM32\ntdll.dll
0x00007ffa55050000 - 0x00007ffa55119000 	C:\WINDOWS\System32\KERNEL32.DLL
0x00007ffa530d0000 - 0x00007ffa534ca000 	C:\WINDOWS\System32\KERNELBASE.dll
0x00007ffa52be0000 - 0x00007ffa52d2c000 	C:\WINDOWS\System32\ucrtbase.dll
0x00007ff9d46c0000 - 0x00007ff9d46de000 	C:\Program Files\Eclipse Adoptium\jdk-25.0.3.9-hotspot\bin\VCRUNTIME140.dll
0x00007ff9cecb0000 - 0x00007ff9cecc6000 	C:\Program Files\Eclipse Adoptium\jdk-25.0.3.9-hotspot\bin\jli.dll
0x00007ffa55450000 - 0x00007ffa55617000 	C:\WINDOWS\System32\USER32.dll
0x00007ffa53600000 - 0x00007ffa53627000 	C:\WINDOWS\System32\win32u.dll
0x00007ffa55730000 - 0x00007ffa5575b000 	C:\WINDOWS\System32\GDI32.dll
0x00007ffa534d0000 - 0x00007ffa535fb000 	C:\WINDOWS\System32\gdi32full.dll
0x00007ffa32cb0000 - 0x00007ffa32f42000 	C:\WINDOWS\WinSxS\amd64_microsoft.windows.common-controls_6595b64144ccf1df_6.0.26100.8521_none_3e08b75ce33403b3\COMCTL32.dll
0x00007ffa52f60000 - 0x00007ffa53003000 	C:\WINDOWS\System32\msvcp_win.dll
0x00007ffa552f0000 - 0x00007ffa55399000 	C:\WINDOWS\System32\msvcrt.dll
0x00007ffa53630000 - 0x00007ffa53662000 	C:\WINDOWS\System32\IMM32.DLL
0x00007ffa2afb0000 - 0x00007ffa2afbc000 	C:\Program Files\Eclipse Adoptium\jdk-25.0.3.9-hotspot\bin\vcruntime140_1.dll
0x00007ff994bd0000 - 0x00007ff994c5d000 	C:\Program Files\Eclipse Adoptium\jdk-25.0.3.9-hotspot\bin\msvcp140.dll
0x00007ff95d990000 - 0x00007ff95e8ba000 	C:\Program Files\Eclipse Adoptium\jdk-25.0.3.9-hotspot\bin\server\jvm.dll
0x00007ffa54eb0000 - 0x00007ffa54f66000 	C:\WINDOWS\System32\ADVAPI32.dll
0x00007ffa553a0000 - 0x00007ffa5544a000 	C:\WINDOWS\System32\sechost.dll
0x00007ffa55760000 - 0x00007ffa55878000 	C:\WINDOWS\System32\RPCRT4.dll
0x00007ffa55180000 - 0x00007ffa55200000 	C:\WINDOWS\System32\WS2_32.dll
0x00007ffa529b0000 - 0x00007ffa52a0e000 	C:\WINDOWS\SYSTEM32\POWRPROF.dll
0x00007ffa49a90000 - 0x00007ffa49ac6000 	C:\WINDOWS\SYSTEM32\WINMM.dll
0x00007ffa43310000 - 0x00007ffa4331b000 	C:\WINDOWS\SYSTEM32\VERSION.dll
0x00007ffa52990000 - 0x00007ffa529a4000 	C:\WINDOWS\SYSTEM32\UMPDC.dll
0x00007ffa518e0000 - 0x00007ffa518fb000 	C:\WINDOWS\SYSTEM32\kernel.appcore.dll
0x00007ffa2af50000 - 0x00007ffa2af5a000 	C:\Program Files\Eclipse Adoptium\jdk-25.0.3.9-hotspot\bin\jimage.dll
0x00007ffa50430000 - 0x00007ffa50672000 	C:\WINDOWS\SYSTEM32\DBGHELP.DLL
0x00007ffa53670000 - 0x00007ffa539f3000 	C:\WINDOWS\System32\combase.dll
0x00007ffa55210000 - 0x00007ffa552e9000 	C:\WINDOWS\System32\OLEAUT32.dll
0x00007ffa296f0000 - 0x00007ffa2972b000 	C:\WINDOWS\SYSTEM32\dbgcore.DLL
0x00007ffa52eb0000 - 0x00007ffa52f58000 	C:\WINDOWS\System32\bcryptPrimitives.dll
0x00007ff9cd750000 - 0x00007ff9cd76e000 	C:\Program Files\Eclipse Adoptium\jdk-25.0.3.9-hotspot\bin\java.dll
0x00007ffa53ca0000 - 0x00007ffa53e38000 	C:\WINDOWS\System32\ole32.dll
0x00007ffa54720000 - 0x00007ffa54ea4000 	C:\WINDOWS\System32\SHELL32.dll
0x00007ffa506f0000 - 0x00007ffa50f70000 	C:\WINDOWS\SYSTEM32\windows.storage.dll
0x00007ffa55620000 - 0x00007ffa55716000 	C:\WINDOWS\System32\SHCORE.dll
0x00007ffa546b0000 - 0x00007ffa54717000 	C:\WINDOWS\System32\shlwapi.dll
0x00007ffa52a70000 - 0x00007ffa52a99000 	C:\WINDOWS\SYSTEM32\profapi.dll
0x00007ff9bfa70000 - 0x00007ff9bfa81000 	C:\Program Files\Eclipse Adoptium\jdk-25.0.3.9-hotspot\bin\net.dll
0x00007ffa51e50000 - 0x00007ffa51ebc000 	C:\WINDOWS\system32\mswsock.dll
0x00007ff9be660000 - 0x00007ff9be676000 	C:\Program Files\Eclipse Adoptium\jdk-25.0.3.9-hotspot\bin\nio.dll
0x00007ff9bd360000 - 0x00007ff9bd376000 	C:\Program Files\Eclipse Adoptium\jdk-25.0.3.9-hotspot\bin\zip.dll
0x00007ff9b8760000 - 0x00007ff9b8784000 	C:\Program Files\apache-maven-3.9.16\lib\jansi-native\Windows\x86_64\jansi.dll

JVMTI agents: none

dbghelp: loaded successfully - version: 4.0.5 - missing functions: none
symbol engine: initialized successfully - sym options: 0x614 - pdb path: .;C:\Program Files\Eclipse Adoptium\jdk-25.0.3.9-hotspot\bin;C:\WINDOWS\SYSTEM32;C:\WINDOWS\WinSxS\amd64_microsoft.windows.common-controls_6595b64144ccf1df_6.0.26100.8521_none_3e08b75ce33403b3;C:\Program Files\Eclipse Adoptium\jdk-25.0.3.9-hotspot\bin\server;C:\Program Files\apache-maven-3.9.16\lib\jansi-native\Windows\x86_64

VM Arguments:
jvm_args: -Xms64m -Xmx256m -Dclassworlds.conf=C:\Program Files\apache-maven-3.9.16\bin\m2.conf -Dmaven.home=C:\Program Files\apache-maven-3.9.16 -Dlibrary.jansi.path=C:\Program Files\apache-maven-3.9.16\lib\jansi-native -Dmaven.multiModuleProjectDirectory=C:\Users\mr\Desktop\COGNIZANT DEEPSKILLING\MODULE-5\Spring Core and Maven\Exercise-9\librarymanagement9 
java_command: org.codehaus.plexus.classworlds.launcher.Launcher spring-boot:run
java_class_path (initial): C:\Program Files\apache-maven-3.9.16\boot\plexus-classworlds-2.11.0.jar
Launcher Type: SUN_STANDARD

[Global flags]
     intx CICompilerCount                          = 4                                         {product} {ergonomic}
     uint ConcGCThreads                            = 3                                         {product} {ergonomic}
     uint G1ConcRefinementThreads                  = 10                                        {product} {ergonomic}
   size_t G1HeapRegionSize                         = 1048576                                   {product} {ergonomic}
   size_t InitialHeapSize                          = 67108864                                  {product} {command line}
   size_t MarkStackSize                            = 4194304                                   {product} {ergonomic}
   size_t MarkStackSizeMax                         = 536870912                                 {product} {ergonomic}
   size_t MaxHeapSize                              = 268435456                                 {product} {command line}
   size_t MaxNewSize                               = 160432128                                 {product} {ergonomic}
   size_t MinHeapDeltaBytes                        = 1048576                                   {product} {ergonomic}
   size_t MinHeapSize                              = 67108864                                  {product} {command line}
    uintx NonNMethodCodeHeapSize                   = 5898240                                {pd product} {ergonomic}
    uintx NonProfiledCodeHeapSize                  = 122945536                              {pd product} {ergonomic}
    uintx ProfiledCodeHeapSize                     = 122945536                              {pd product} {ergonomic}
    uintx ReservedCodeCacheSize                    = 251789312                              {pd product} {ergonomic}
     bool SegmentedCodeCache                       = true                                      {product} {ergonomic}
   size_t SoftMaxHeapSize                          = 268435456                              {manageable} {ergonomic}
     bool UseCompressedOops                        = true                           {product lp64_product} {ergonomic}
     bool UseG1GC                                  = true                                      {product} {ergonomic}
     bool UseLargePagesIndividualAllocation        = false                                  {pd product} {ergonomic}

Logging:
Log output configuration:
 #0: stdout all=warning uptime,level,tags foldmultilines=false
 #1: stderr all=off uptime,level,tags foldmultilines=false

Release file:
IMPLEMENTOR="Eclipse Adoptium" 
IMPLEMENTOR_VERSION="Temurin-25.0.3+9" 
JAVA_RUNTIME_VERSION="25.0.3+9-LTS" 
JAVA_VERSION="25.0.3" 
JAVA_VERSION_DATE="2026-04-21" 
LIBC="default" 
MODULES="java.base java.compiler java.datatransfer java.xml java.prefs java.desktop java.instrument java.logging java.management java.security.sasl java.naming java.rmi java.management.rmi java.net.http java.scripting java.security.jgss java.transaction.xa java.sql java.sql.rowset java.xml.crypto java.se java.smartcardio jdk.accessibility jdk.internal.jvmstat jdk.attach jdk.charsets jdk.internal.opt jdk.zipfs jdk.compiler jdk.crypto.cryptoki jdk.crypto.ec jdk.crypto.mscapi jdk.dynalink jdk.internal.ed jdk.editpad jdk.internal.vm.ci jdk.graal.compiler jdk.graal.compiler.management jdk.hotspot.agent jdk.httpserver jdk.incubator.vector jdk.internal.le jdk.internal.md jdk.jartool jdk.javadoc jdk.jcmd jdk.management jdk.management.agent jdk.jconsole jdk.jdeps jdk.jdwp.agent jdk.jdi jdk.jfr jdk.jlink jdk.jpackage jdk.jshell jdk.jsobject jdk.jstatd jdk.localedata jdk.management.jfr jdk.naming.dns jdk.naming.rmi jdk.net jdk.nio.mapmode jdk.sctp jdk.security.auth jdk.security.jgss jdk.unsupported jdk.unsupported.desktop jdk.xml.dom" 
OS_ARCH="x86_64" 
OS_NAME="Windows" 
SOURCE=".:git:cda0a1776184" 
BUILD_SOURCE="git:a612825ee82a20ac872d60958c349854c1f29a8e"
BUILD_SOURCE_REPO="https://github.com/adoptium/temurin-build.git"
SOURCE_REPO="https://github.com/adoptium/jdk25u.git"
FULL_VERSION="25.0.3+9-LTS"
SEMANTIC_VERSION="25.0.3+9"
BUILD_INFO="OS: Windows Server 2022 Version: 10.0"
JVM_VARIANT="Hotspot"
JVM_VERSION="25.0.3+9-LTS"
IMAGE_TYPE="JDK"

Environment Variables:
JAVA_HOME=C:\Program Files\Eclipse Adoptium\jdk-25.0.3.9-hotspot
PATH=C:\Program Files\Eclipse Adoptium\jdk-25.0.3.9-hotspot\bin;C:\Program Files\Amazon Corretto\jdk17.0.16_8\bin;C:\Program Files\Python313\Scripts\;C:\Program Files\Python313\;C:\Program Files\Common Files\Oracle\Java\javapath;C:\WINDOWS\system32;C:\WINDOWS;C:\WINDOWS\System32\Wbem;C:\WINDOWS\System32\WindowsPowerShell\v1.0\;C:\WINDOWS\System32\OpenSSH\;C:\Program Files\Java\jdk-23\bin;C:\Program Files\MySQL\MySQL Server 8.0\bin;C:\Program Files\nodejs\;C:\ProgramData\chocolatey\bin;C:\Program Files\nodejs\node_modules\npm\bin;C:\Program Files\Git\cmd;C:\Program Files\apache-maven-3.9.11\bin;C:\Program Files\apache-maven-3.9.16\bin;C:\Program Files\Eclipse Adoptium\jdk-25.0.3.9-hotspot\bin;C:\Program Files\MySQL\MySQL Shell 8.0\bin\;C:\Users\mr\AppData\Local\Microsoft\WindowsApps;C:\Users\mr\AppData\Local\Programs\Microsoft VS Code\bin;C:\Users\mr\AppData\Roaming\npm;C:\Users\mr\AppData\Roaming\Python\Python313\Scripts;
USERNAME=mr
OS=Windows_NT
PROCESSOR_IDENTIFIER=Intel64 Family 6 Model 154 Stepping 4, GenuineIntel
TMP=C:\Users\mr\AppData\Local\Temp
TEMP=C:\Users\mr\AppData\Local\Temp




Compilation memory statistics disabled.

Periodic native trim disabled

---------------  S Y S T E M  ---------------

OS:
 Windows 11 , 64 bit Build 26100 (10.0.26100.8521)
OS uptime: 4 days 16:29 hours

CPU: total 12 (initial active 12) (6 cores per cpu, 2 threads per core) family 6 model 154 stepping 4 microcode 0x42c, cx8, cmov, fxsr, ht, mmx, 3dnowpref, sse, sse2, sse3, ssse3, sse4.1, sse4.2, popcnt, lzcnt, tsc, tscinvbit, avx, avx2, aes, erms, clmul, bmi1, bmi2, adx, sha, fma, vzeroupper, clflush, clflushopt, clwb, serialize, rdtscp, rdpid, fsrm, gfni, f16c, pku, cet_ibt, cet_ss
Processor Information for processor 0
  Max Mhz: 1700, Current Mhz: 1700, Mhz Limit: 1700
Processor Information for processor 1
  Max Mhz: 1700, Current Mhz: 1700, Mhz Limit: 1700
Processor Information for processor 2
  Max Mhz: 1700, Current Mhz: 1700, Mhz Limit: 1700
Processor Information for processor 3
  Max Mhz: 1700, Current Mhz: 1700, Mhz Limit: 1700
Processor Information for processor 4
  Max Mhz: 1700, Current Mhz: 1200, Mhz Limit: 1190
Processor Information for processor 5
  Max Mhz: 1700, Current Mhz: 1200, Mhz Limit: 1190
Processor Information for processor 6
  Max Mhz: 1700, Current Mhz: 1200, Mhz Limit: 1190
Processor Information for processor 7
  Max Mhz: 1700, Current Mhz: 1200, Mhz Limit: 1190
Processor Information for processor 8
  Max Mhz: 1700, Current Mhz: 1200, Mhz Limit: 1190
Processor Information for processor 9
  Max Mhz: 1700, Current Mhz: 1200, Mhz Limit: 1190
Processor Information for processor 10
  Max Mhz: 1700, Current Mhz: 1200, Mhz Limit: 1190
Processor Information for processor 11
  Max Mhz: 1700, Current Mhz: 1200, Mhz Limit: 1190

Memory: 4k page, system-wide physical 16052M (2548M free)
TotalPageFile size 18295M (AvailPageFile size 324M)
current process WorkingSet (physical memory assigned to process): 50M, peak: 50M
current process commit charge ("private bytes"): 152M, peak: 152M

vm_info: OpenJDK 64-Bit Server VM (25.0.3+9-LTS) for windows-amd64 JRE (25.0.3+9-LTS), built on 2026-04-21T00:00:00Z with MS VC++ 17.12 (VS2022)

END.
